// Jest Snapshot v1, https://goo.gl/fbAQLP

exports[`It should render Default correctly 1`] = `
<div>
  <div
    style="width: 95vw; height: 500px;"
  >
    <div
      style="width: 100%; height: 100%;"
    >
      <div
        style="position: relative; width: inherit; height: inherit;"
      >
        <div>
          <div
            class="visually-hidden"
            id="pathway-visualisation-desc"
          >
            Patient Pathway Visualisation
          </div>
          <svg
            aria-describedby="pathway-visualisation-desc"
            aria-details="accessible-table"
            height="235"
            width="280"
          >
            <rect
              fill="white"
              height="235"
              width="280"
            />
            <g
              class="visx-group"
              transform="translate(15, 35)"
            >
              <g
                class="visx-group"
                transform="translate(0, 0)"
              >
                <rect
                  fill="white"
                  height="170"
                  width="280"
                  x="-10"
                  y="-2"
                />
                <svg
                  font-size="1.5rem"
                  style="overflow: visible;"
                  x="0"
                  y="-5"
                >
                  <text
                    font-size="1.5rem"
                    font-weight="650"
                    text-anchor="start"
                    transform=""
                    y="66"
                  >
                    <tspan
                      dy="0em"
                      x="0"
                    >
                      John Doe, fMRN1234567, 10/10/1970
                    </tspan>
                  </text>
                </svg>
                <rect
                  fill="#D8DDE0"
                  height="68"
                  rx="0.7%"
                  width="0"
                  y="66"
                />
                <rect
                  fill="#99C7EB"
                  height="68"
                  rx="0.7%"
                  width="126"
                  x="0"
                  y="86"
                />
                <svg
                  font-size="1rem"
                  style="overflow: visible;"
                  x="0"
                  y="65.33333333333334"
                >
                  <text
                    fill="white"
                    font-size="1rem"
                    text-anchor="middle"
                    transform=""
                    x="63"
                    y="66"
                  >
                    <tspan
                      dy="0em"
                      x="63"
                    >
                      Awaiting CT-Thorax +1
                    </tspan>
                  </text>
                </svg>
              </g>
              <rect
                fill="#99C7EB"
                height="68"
                rx="0.7%"
                width="0"
                x="0"
                y="66"
              />
              <rect
                fill="#005EB8"
                height="68"
                rx="0.7%"
                width="0"
                x="0"
                y="66"
              />
              <rect
                fill="#005EB8"
                height="68"
                rx="0.7%"
                width="0"
                x="0"
                y="66"
              />
              <rect
                fill="#005EB8"
                height="68"
                rx="0.7%"
                width="0"
                x="0"
                y="66"
              />
              <rect
                fill="#99C7EB"
                height="68"
                rx="0.7%"
                width="0"
                x="0"
                y="66"
              />
              <rect
                fill="#005EB8"
                height="68"
                rx="0.7%"
                width="0"
                x="0"
                y="66"
              />
              <rect
                fill="#005EB8"
                height="68"
                rx="0.7%"
                width="0"
                x="0"
                y="66"
              />
              <rect
                fill="#005EB8"
                height="68"
                rx="0.7%"
                width="0"
                x="0"
                y="66"
              />
              <rect
                fill="#FF2D00"
                height="68"
                rx="0.7%"
                width="0"
                x="0"
                y="66"
              />
              <rect
                fill="#99C7EB"
                height="68"
                rx="0.7%"
                width="0"
                x="0"
                y="66"
              />
            </g>
          </svg>
          <div
            class="visually-hidden"
            id="accessible-table"
          >
            <table
              aria-label="Pathway Table"
            >
              <thead>
                <tr>
                  <th
                    id="tname"
                    rowspan="2"
                    scope="col"
                  >
                    Name
                  </th>
                  <th
                    id="thosp"
                    rowspan="2"
                    scope="col"
                  >
                    Hospital Number
                  </th>
                  <th
                    id="tdob"
                    rowspan="2"
                    scope="col"
                  >
                    Date Of Birth
                  </th>
                  <th
                    colspan="4"
                    scope="colgroup"
                    style="text-align: center;"
                  >
                    Periods
                  </th>
                </tr>
                <tr>
                  <th
                    id="pt"
                    scope="colgroup"
                  >
                    Period Type
                  </th>
                  <th
                    id="pt"
                    scope="colgroup"
                  >
                    Duration
                  </th>
                  <th
                    id="preq"
                    scope="colgroup"
                  >
                    Outstanding Requests
                  </th>
                  <th
                    id="pres"
                    scope="colgroup"
                  >
                    Awaiting Results
                  </th>
                </tr>
              </thead>
              <tbody>
                <tr>
                  <th
                    headers="tname"
                    id="rowname-1"
                    role="rowheader"
                    rowspan="10"
                    scope="rowgroup"
                  >
                    <button
                      role="link"
                      tabindex="0"
                      type="button"
                    >
                      John Doe
                    </button>
                  </th>
                  <td
                    headers="thosp rowname-1"
                  >
                    fMRN1234567
                  </td>
                  <td
                    headers="tdob rowname-1"
                  >
                    10/10/1970
                  </td>
                  <td
                    headers="pt"
                  >
                    Awaiting Result
                  </td>
                  <td>
                    CT-Thorax
                     
                    <br />
                    X-Ray
                     
                    <br />
                    Lung Function
                     
                    <br />
                  </td>
                  <td>
                    -
                  </td>
                </tr>
                <tr>
                  <td>
                    -
                  </td>
                  <td>
                    -
                  </td>
                  <td
                    headers="pt"
                  >
                    Awaiting Decision
                  </td>
                  <td>
                    CT-Thorax
                     
                    <br />
                    X-Ray
                     
                    <br />
                  </td>
                  <td>
                    Lung Function
                     
                    <br />
                  </td>
                </tr>
                <tr>
                  <td>
                    -
                  </td>
                  <td>
                    -
                  </td>
                  <td
                    headers="pt"
                  >
                    Awaiting Decision
                  </td>
                  <td>
                    X-Ray
                     
                    <br />
                  </td>
                  <td>
                    Lung Function
                     
                    <br />
                    CT-Thorax
                     
                    <br />
                  </td>
                </tr>
                <tr>
                  <td>
                    -
                  </td>
                  <td>
                    -
                  </td>
                  <td
                    headers="pt"
                  >
                    Awaiting Decision
                  </td>
                  <td />
                  <td>
                    Lung Function
                     
                    <br />
                    CT-Thorax
                     
                    <br />
                    X-Ray
                     
                    <br />
                  </td>
                </tr>
                <tr>
                  <td>
                    -
                  </td>
                  <td>
                    -
                  </td>
                  <td
                    headers="pt"
                  >
                    Awaiting Result
                  </td>
                  <td>
                    CT-Thorax
                     
                    <br />
                    MRI-Head
                     
                    <br />
                    EBUS
                     
                    <br />
                  </td>
                  <td>
                    -
                  </td>
                </tr>
                <tr>
                  <td>
                    -
                  </td>
                  <td>
                    -
                  </td>
                  <td
                    headers="pt"
                  >
                    Awaiting Decision
                  </td>
                  <td>
                    MRI-Head
                     
                    <br />
                    EBUS
                     
                    <br />
                  </td>
                  <td>
                    CT-Thorax
                     
                    <br />
                  </td>
                </tr>
                <tr>
                  <td>
                    -
                  </td>
                  <td>
                    -
                  </td>
                  <td
                    headers="pt"
                  >
                    Awaiting Decision
                  </td>
                  <td>
                    EBUS
                     
                    <br />
                  </td>
                  <td>
                    CT-Thorax
                     
                    <br />
                    MRI-Head
                     
                    <br />
                  </td>
                </tr>
                <tr>
                  <td>
                    -
                  </td>
                  <td>
                    -
                  </td>
                  <td
                    headers="pt"
                  >
                    Awaiting Decision
                  </td>
                  <td />
                  <td>
                    CT-Thorax
                     
                    <br />
                    MRI-Head
                     
                    <br />
                    EBUS
                     
                    <br />
                  </td>
                </tr>
                <tr>
                  <td>
                    -
                  </td>
                  <td>
                    -
                  </td>
                  <td
                    headers="pt"
                  >
                    Stalled
                  </td>
                  <td>
                    -
                  </td>
                  <td>
                    -
                  </td>
                </tr>
                <tr>
                  <td>
                    -
                  </td>
                  <td>
                    -
                  </td>
                  <td
                    headers="pt"
                  >
                    Awaiting Result
                  </td>
                  <td>
                    CT-Thorax
                     
                    <br />
                    Bloods
                     
                    <br />
                  </td>
                  <td>
                    -
                  </td>
                </tr>
              </tbody>
            </table>
          </div>
        </div>
      </div>
    </div>
  </div>
</div>
`;
